// Jest Snapshot v1, https://goo.gl/fbAQLP

exports[`rendering CarouselUser component renders CarouselUser component 1`] = `
<div>
  <div
    class="carousel-wrapper"
    data-testid="carousel-user"
  >
    <div
      class="carousel-user-wrapper"
    >
      <a
        href="/profile/123"
      >
        <div
          class="carousel-user-avatar"
        >
          <div
            class="MuiAvatar-root MuiAvatar-circle makeStyles-medium-1 MuiAvatar-colorDefault"
          >
            <svg
              aria-hidden="true"
              class="MuiSvgIcon-root MuiAvatar-fallback"
              focusable="false"
              viewBox="0 0 24 24"
            >
              <path
                d="M12 12c2.21 0 4-1.79 4-4s-1.79-4-4-4-4 1.79-4 4 1.79 4 4 4zm0 2c-2.67 0-8 1.34-8 4v2h16v-2c0-2.66-5.33-4-8-4z"
              />
            </svg>
          </div>
        </div>
      </a>
      <div
        class="div-username-explore"
      >
        <a
          href="/profile/123"
        >
          <div
            class="username-font  username-font-explore"
          >
            test
          </div>
        </a>
      </div>
      <button
        class="follow-button"
      >
        Follow
      </button>
    </div>
  </div>
</div>
`;
